<?xml version='1.0' standalone='yes' ?>
<LVData xmlns="http://www.ni.com/LVData">
<Version>24.1.1f1</Version>
<Cluster>
<Name>Partition</Name>
<NumElts>6</NumElts>
<Array>
<Name>Data</Name>
<Dimsize>51</Dimsize>
<Dimsize>5</Dimsize>
<String>
<Name> </Name>
<Val>#</Val>
</String>
<String>
<Name> </Name>
<Val>Empty</Val>
</String>
<String>
<Name> </Name>
<Val></Val>
</String>
<String>
<Name> </Name>
<Val></Val>
</String>
<String>
<Name> </Name>
<Val></Val>
</String>
<String>
<Name> </Name>
<Val>A</Val>
</String>
<String>
<Name> </Name>
<Val>20%</Val>
</String>
<String>
<Name> </Name>
<Val></Val>
</String>
<String>
<Name> </Name>
<Val></Val>
</String>
<String>
<Name> </Name>
<Val></Val>
</String>
<String>
<Name> </Name>
<Val>B</Val>
</String>
<String>
<Name> </Name>
<Val>30</Val>
</String>
<String>
<Name> </Name>
<Val></Val>
</String>
<String>
<Name> </Name>
<Val></Val>
</String>
<String>
<Name> </Name>
<Val></Val>
</String>
<String>
<Name> </Name>
<Val>C</Val>
</String>
<String>
<Name> </Name>
<Val>5%</Val>
</String>
<String>
<Name> </Name>
<Val></Val>
</String>
<String>
<Name> </Name>
<Val></Val>
</String>
<String>
<Name> </Name>
<Val></Val>
</String>
<String>
<Name> </Name>
<Val>D</Val>
</String>
<String>
<Name> </Name>
<Val>35%</Val>
</String>
<String>
<Name> </Name>
<Val></Val>
</String>
<String>
<Name> </Name>
<Val></Val>
</String>
<String>
<Name> </Name>
<Val></Val>
</String>
<String>
<Name> </Name>
<Val>E</Val>
</String>
<String>
<Name> </Name>
<Val>...</Val>
</String>
<String>
<Name> </Name>
<Val></Val>
</String>
<String>
<Name> </Name>
<Val></Val>
</String>
<String>
<Name> </Name>
<Val></Val>
</String>
<String>
<Name> </Name>
<Val>F</Val>
</String>
<String>
<Name> </Name>
<Val>...</Val>
</String>
<String>
<Name> </Name>
<Val></Val>
</String>
<String>
<Name> </Name>
<Val></Val>
</String>
<String>
<Name> </Name>
<Val></Val>
</String>
<String>
<Name> </Name>
<Val>G</Val>
</String>
<String>
<Name> </Name>
<Val>...</Val>
</String>
<String>
<Name> </Name>
<Val></Val>
</String>
<String>
<Name> </Name>
<Val></Val>
</String>
<String>
<Name> </Name>
<Val></Val>
</String>
<String>
<Name> </Name>
<Val>H</Val>
</String>
<String>
<Name> </Name>
<Val>...</Val>
</String>
<String>
<Name> </Name>
<Val>-</Val>
</String>
<String>
<Name> </Name>
<Val>-</Val>
</String>
<String>
<Name> </Name>
<Val>-</Val>
</String>
<String>
<Name> </Name>
<Val>I</Val>
</String>
<String>
<Name> </Name>
<Val>...</Val>
</String>
<String>
<Name> </Name>
<Val></Val>
</String>
<String>
<Name> </Name>
<Val></Val>
</String>
<String>
<Name> </Name>
<Val></Val>
</String>
<String>
<Name> </Name>
<Val>J</Val>
</String>
<String>
<Name> </Name>
<Val>...</Val>
</String>
<String>
<Name> </Name>
<Val></Val>
</String>
<String>
<Name> </Name>
<Val></Val>
</String>
<String>
<Name> </Name>
<Val></Val>
</String>
<String>
<Name> </Name>
<Val>K</Val>
</String>
<String>
<Name> </Name>
<Val>...</Val>
</String>
<String>
<Name> </Name>
<Val></Val>
</String>
<String>
<Name> </Name>
<Val></Val>
</String>
<String>
<Name> </Name>
<Val></Val>
</String>
<String>
<Name> </Name>
<Val>L</Val>
</String>
<String>
<Name> </Name>
<Val>...</Val>
</String>
<String>
<Name> </Name>
<Val></Val>
</String>
<String>
<Name> </Name>
<Val></Val>
</String>
<String>
<Name> </Name>
<Val></Val>
</String>
<String>
<Name> </Name>
<Val>M</Val>
</String>
<String>
<Name> </Name>
<Val>...</Val>
</String>
<String>
<Name> </Name>
<Val></Val>
</String>
<String>
<Name> </Name>
<Val></Val>
</String>
<String>
<Name> </Name>
<Val></Val>
</String>
<String>
<Name> </Name>
<Val>N</Val>
</String>
<String>
<Name> </Name>
<Val>...</Val>
</String>
<String>
<Name> </Name>
<Val></Val>
</String>
<String>
<Name> </Name>
<Val></Val>
</String>
<String>
<Name> </Name>
<Val></Val>
</String>
<String>
<Name> </Name>
<Val>O</Val>
</String>
<String>
<Name> </Name>
<Val>...</Val>
</String>
<String>
<Name> </Name>
<Val></Val>
</String>
<String>
<Name> </Name>
<Val></Val>
</String>
<String>
<Name> </Name>
<Val></Val>
</String>
<String>
<Name> </Name>
<Val>P</Val>
</String>
<String>
<Name> </Name>
<Val>...</Val>
</String>
<String>
<Name> </Name>
<Val></Val>
</String>
<String>
<Name> </Name>
<Val></Val>
</String>
<String>
<Name> </Name>
<Val></Val>
</String>
<String>
<Name> </Name>
<Val>Q</Val>
</String>
<String>
<Name> </Name>
<Val>...</Val>
</String>
<String>
<Name> </Name>
<Val></Val>
</String>
<String>
<Name> </Name>
<Val></Val>
</String>
<String>
<Name> </Name>
<Val></Val>
</String>
<String>
<Name> </Name>
<Val>R</Val>
</String>
<String>
<Name> </Name>
<Val>...</Val>
</String>
<String>
<Name> </Name>
<Val></Val>
</String>
<String>
<Name> </Name>
<Val></Val>
</String>
<String>
<Name> </Name>
<Val></Val>
</String>
<String>
<Name> </Name>
<Val>S</Val>
</String>
<String>
<Name> </Name>
<Val>...</Val>
</String>
<String>
<Name> </Name>
<Val></Val>
</String>
<String>
<Name> </Name>
<Val></Val>
</String>
<String>
<Name> </Name>
<Val></Val>
</String>
<String>
<Name> </Name>
<Val>T</Val>
</String>
<String>
<Name> </Name>
<Val>...</Val>
</String>
<String>
<Name> </Name>
<Val></Val>
</String>
<String>
<Name> </Name>
<Val></Val>
</String>
<String>
<Name> </Name>
<Val></Val>
</String>
<String>
<Name> </Name>
<Val>U</Val>
</String>
<String>
<Name> </Name>
<Val>...</Val>
</String>
<String>
<Name> </Name>
<Val></Val>
</String>
<String>
<Name> </Name>
<Val></Val>
</String>
<String>
<Name> </Name>
<Val></Val>
</String>
<String>
<Name> </Name>
<Val>V</Val>
</String>
<String>
<Name> </Name>
<Val>...</Val>
</String>
<String>
<Name> </Name>
<Val></Val>
</String>
<String>
<Name> </Name>
<Val></Val>
</String>
<String>
<Name> </Name>
<Val></Val>
</String>
<String>
<Name> </Name>
<Val>X</Val>
</String>
<String>
<Name> </Name>
<Val>...</Val>
</String>
<String>
<Name> </Name>
<Val></Val>
</String>
<String>
<Name> </Name>
<Val></Val>
</String>
<String>
<Name> </Name>
<Val></Val>
</String>
<String>
<Name> </Name>
<Val>Y</Val>
</String>
<String>
<Name> </Name>
<Val>...</Val>
</String>
<String>
<Name> </Name>
<Val></Val>
</String>
<String>
<Name> </Name>
<Val></Val>
</String>
<String>
<Name> </Name>
<Val></Val>
</String>
<String>
<Name> </Name>
<Val>Z</Val>
</String>
<String>
<Name> </Name>
<Val>...</Val>
</String>
<String>
<Name> </Name>
<Val></Val>
</String>
<String>
<Name> </Name>
<Val></Val>
</String>
<String>
<Name> </Name>
<Val></Val>
</String>
<String>
<Name> </Name>
<Val>AA</Val>
</String>
<String>
<Name> </Name>
<Val>...</Val>
</String>
<String>
<Name> </Name>
<Val></Val>
</String>
<String>
<Name> </Name>
<Val></Val>
</String>
<String>
<Name> </Name>
<Val></Val>
</String>
<String>
<Name> </Name>
<Val>AB</Val>
</String>
<String>
<Name> </Name>
<Val>...</Val>
</String>
<String>
<Name> </Name>
<Val></Val>
</String>
<String>
<Name> </Name>
<Val></Val>
</String>
<String>
<Name> </Name>
<Val></Val>
</String>
<String>
<Name> </Name>
<Val>AC</Val>
</String>
<String>
<Name> </Name>
<Val>...</Val>
</String>
<String>
<Name> </Name>
<Val></Val>
</String>
<String>
<Name> </Name>
<Val></Val>
</String>
<String>
<Name> </Name>
<Val></Val>
</String>
<String>
<Name> </Name>
<Val>AD</Val>
</String>
<String>
<Name> </Name>
<Val>...</Val>
</String>
<String>
<Name> </Name>
<Val></Val>
</String>
<String>
<Name> </Name>
<Val></Val>
</String>
<String>
<Name> </Name>
<Val></Val>
</String>
<String>
<Name> </Name>
<Val>AE</Val>
</String>
<String>
<Name> </Name>
<Val>...</Val>
</String>
<String>
<Name> </Name>
<Val></Val>
</String>
<String>
<Name> </Name>
<Val></Val>
</String>
<String>
<Name> </Name>
<Val></Val>
</String>
<String>
<Name> </Name>
<Val>AF</Val>
</String>
<String>
<Name> </Name>
<Val>...</Val>
</String>
<String>
<Name> </Name>
<Val></Val>
</String>
<String>
<Name> </Name>
<Val></Val>
</String>
<String>
<Name> </Name>
<Val></Val>
</String>
<String>
<Name> </Name>
<Val>AG</Val>
</String>
<String>
<Name> </Name>
<Val>...</Val>
</String>
<String>
<Name> </Name>
<Val></Val>
</String>
<String>
<Name> </Name>
<Val></Val>
</String>
<String>
<Name> </Name>
<Val></Val>
</String>
<String>
<Name> </Name>
<Val>AH</Val>
</String>
<String>
<Name> </Name>
<Val>...</Val>
</String>
<String>
<Name> </Name>
<Val></Val>
</String>
<String>
<Name> </Name>
<Val></Val>
</String>
<String>
<Name> </Name>
<Val></Val>
</String>
<String>
<Name> </Name>
<Val>AI</Val>
</String>
<String>
<Name> </Name>
<Val>...</Val>
</String>
<String>
<Name> </Name>
<Val></Val>
</String>
<String>
<Name> </Name>
<Val></Val>
</String>
<String>
<Name> </Name>
<Val></Val>
</String>
<String>
<Name> </Name>
<Val>AJ</Val>
</String>
<String>
<Name> </Name>
<Val>...</Val>
</String>
<String>
<Name> </Name>
<Val></Val>
</String>
<String>
<Name> </Name>
<Val></Val>
</String>
<String>
<Name> </Name>
<Val></Val>
</String>
<String>
<Name> </Name>
<Val>AK</Val>
</String>
<String>
<Name> </Name>
<Val>...</Val>
</String>
<String>
<Name> </Name>
<Val></Val>
</String>
<String>
<Name> </Name>
<Val></Val>
</String>
<String>
<Name> </Name>
<Val></Val>
</String>
<String>
<Name> </Name>
<Val>AL</Val>
</String>
<String>
<Name> </Name>
<Val>...</Val>
</String>
<String>
<Name> </Name>
<Val></Val>
</String>
<String>
<Name> </Name>
<Val></Val>
</String>
<String>
<Name> </Name>
<Val></Val>
</String>
<String>
<Name> </Name>
<Val>AM</Val>
</String>
<String>
<Name> </Name>
<Val>...</Val>
</String>
<String>
<Name> </Name>
<Val></Val>
</String>
<String>
<Name> </Name>
<Val></Val>
</String>
<String>
<Name> </Name>
<Val></Val>
</String>
<String>
<Name> </Name>
<Val>AN</Val>
</String>
<String>
<Name> </Name>
<Val>...</Val>
</String>
<String>
<Name> </Name>
<Val></Val>
</String>
<String>
<Name> </Name>
<Val></Val>
</String>
<String>
<Name> </Name>
<Val></Val>
</String>
<String>
<Name> </Name>
<Val>AO</Val>
</String>
<String>
<Name> </Name>
<Val>...</Val>
</String>
<String>
<Name> </Name>
<Val></Val>
</String>
<String>
<Name> </Name>
<Val></Val>
</String>
<String>
<Name> </Name>
<Val></Val>
</String>
<String>
<Name> </Name>
<Val>AP</Val>
</String>
<String>
<Name> </Name>
<Val>...</Val>
</String>
<String>
<Name> </Name>
<Val></Val>
</String>
<String>
<Name> </Name>
<Val></Val>
</String>
<String>
<Name> </Name>
<Val></Val>
</String>
<String>
<Name> </Name>
<Val>AQ</Val>
</String>
<String>
<Name> </Name>
<Val>...</Val>
</String>
<String>
<Name> </Name>
<Val></Val>
</String>
<String>
<Name> </Name>
<Val></Val>
</String>
<String>
<Name> </Name>
<Val></Val>
</String>
<String>
<Name> </Name>
<Val>AR</Val>
</String>
<String>
<Name> </Name>
<Val>...</Val>
</String>
<String>
<Name> </Name>
<Val></Val>
</String>
<String>
<Name> </Name>
<Val></Val>
</String>
<String>
<Name> </Name>
<Val></Val>
</String>
<String>
<Name> </Name>
<Val>AS</Val>
</String>
<String>
<Name> </Name>
<Val>...</Val>
</String>
<String>
<Name> </Name>
<Val></Val>
</String>
<String>
<Name> </Name>
<Val></Val>
</String>
<String>
<Name> </Name>
<Val></Val>
</String>
<String>
<Name> </Name>
<Val>AT</Val>
</String>
<String>
<Name> </Name>
<Val>...</Val>
</String>
<String>
<Name> </Name>
<Val></Val>
</String>
<String>
<Name> </Name>
<Val></Val>
</String>
<String>
<Name> </Name>
<Val></Val>
</String>
<String>
<Name> </Name>
<Val>AU</Val>
</String>
<String>
<Name> </Name>
<Val>...</Val>
</String>
<String>
<Name> </Name>
<Val></Val>
</String>
<String>
<Name> </Name>
<Val></Val>
</String>
<String>
<Name> </Name>
<Val></Val>
</String>
<String>
<Name> </Name>
<Val>AV</Val>
</String>
<String>
<Name> </Name>
<Val>...</Val>
</String>
<String>
<Name> </Name>
<Val></Val>
</String>
<String>
<Name> </Name>
<Val></Val>
</String>
<String>
<Name> </Name>
<Val></Val>
</String>
<String>
<Name> </Name>
<Val>AX</Val>
</String>
<String>
<Name> </Name>
<Val>...</Val>
</String>
<String>
<Name> </Name>
<Val></Val>
</String>
<String>
<Name> </Name>
<Val></Val>
</String>
<String>
<Name> </Name>
<Val></Val>
</String>
<String>
<Name> </Name>
<Val>AY</Val>
</String>
<String>
<Name> </Name>
<Val>...</Val>
</String>
<String>
<Name> </Name>
<Val></Val>
</String>
<String>
<Name> </Name>
<Val></Val>
</String>
<String>
<Name> </Name>
<Val></Val>
</String>
<String>
<Name> </Name>
<Val>AZ</Val>
</String>
<String>
<Name> </Name>
<Val>...</Val>
</String>
<String>
<Name> </Name>
<Val></Val>
</String>
<String>
<Name> </Name>
<Val></Val>
</String>
<String>
<Name> </Name>
<Val></Val>
</String>
</Array>
<String>
<Name>Cell Label</Name>
<Val>A</Val>
</String>
<U32>
<Name>Cell Color</Name>
<Val>14242585</Val>
</U32>
<I32>
<Name>Height</Name>
<Val>8</Val>
</I32>
<I32>
<Name>Width</Name>
<Val>12</Val>
</I32>
<Array>
<Name>Grid</Name>
<Dimsize>8</Dimsize>
<Dimsize>12</Dimsize>
<String>
<Name></Name>
<Val>A</Val>
</String>
<String>
<Name></Name>
<Val>#</Val>
</String>
<String>
<Name></Name>
<Val>#</Val>
</String>
<String>
<Name></Name>
<Val>#</Val>
</String>
<String>
<Name></Name>
<Val>#</Val>
</String>
<String>
<Name></Name>
<Val>#</Val>
</String>
<String>
<Name></Name>
<Val>#</Val>
</String>
<String>
<Name></Name>
<Val>#</Val>
</String>
<String>
<Name></Name>
<Val>#</Val>
</String>
<String>
<Name></Name>
<Val>#</Val>
</String>
<String>
<Name></Name>
<Val>#</Val>
</String>
<String>
<Name></Name>
<Val>#</Val>
</String>
<String>
<Name></Name>
<Val>A</Val>
</String>
<String>
<Name></Name>
<Val>#</Val>
</String>
<String>
<Name></Name>
<Val>#</Val>
</String>
<String>
<Name></Name>
<Val>#</Val>
</String>
<String>
<Name></Name>
<Val>#</Val>
</String>
<String>
<Name></Name>
<Val>#</Val>
</String>
<String>
<Name></Name>
<Val>#</Val>
</String>
<String>
<Name></Name>
<Val>#</Val>
</String>
<String>
<Name></Name>
<Val>#</Val>
</String>
<String>
<Name></Name>
<Val>#</Val>
</String>
<String>
<Name></Name>
<Val>#</Val>
</String>
<String>
<Name></Name>
<Val>#</Val>
</String>
<String>
<Name></Name>
<Val>A</Val>
</String>
<String>
<Name></Name>
<Val>#</Val>
</String>
<String>
<Name></Name>
<Val>#</Val>
</String>
<String>
<Name></Name>
<Val>#</Val>
</String>
<String>
<Name></Name>
<Val>#</Val>
</String>
<String>
<Name></Name>
<Val>#</Val>
</String>
<String>
<Name></Name>
<Val>#</Val>
</String>
<String>
<Name></Name>
<Val>#</Val>
</String>
<String>
<Name></Name>
<Val>#</Val>
</String>
<String>
<Name></Name>
<Val>#</Val>
</String>
<String>
<Name></Name>
<Val>#</Val>
</String>
<String>
<Name></Name>
<Val>#</Val>
</String>
<String>
<Name></Name>
<Val>A</Val>
</String>
<String>
<Name></Name>
<Val>#</Val>
</String>
<String>
<Name></Name>
<Val>#</Val>
</String>
<String>
<Name></Name>
<Val>#</Val>
</String>
<String>
<Name></Name>
<Val>#</Val>
</String>
<String>
<Name></Name>
<Val>#</Val>
</String>
<String>
<Name></Name>
<Val>#</Val>
</String>
<String>
<Name></Name>
<Val>#</Val>
</String>
<String>
<Name></Name>
<Val>#</Val>
</String>
<String>
<Name></Name>
<Val>#</Val>
</String>
<String>
<Name></Name>
<Val>#</Val>
</String>
<String>
<Name></Name>
<Val>#</Val>
</String>
<String>
<Name></Name>
<Val>A</Val>
</String>
<String>
<Name></Name>
<Val>#</Val>
</String>
<String>
<Name></Name>
<Val>#</Val>
</String>
<String>
<Name></Name>
<Val>#</Val>
</String>
<String>
<Name></Name>
<Val>#</Val>
</String>
<String>
<Name></Name>
<Val>#</Val>
</String>
<String>
<Name></Name>
<Val>#</Val>
</String>
<String>
<Name></Name>
<Val>#</Val>
</String>
<String>
<Name></Name>
<Val>#</Val>
</String>
<String>
<Name></Name>
<Val>#</Val>
</String>
<String>
<Name></Name>
<Val>#</Val>
</String>
<String>
<Name></Name>
<Val>#</Val>
</String>
<String>
<Name></Name>
<Val>#</Val>
</String>
<String>
<Name></Name>
<Val>#</Val>
</String>
<String>
<Name></Name>
<Val>#</Val>
</String>
<String>
<Name></Name>
<Val>#</Val>
</String>
<String>
<Name></Name>
<Val>#</Val>
</String>
<String>
<Name></Name>
<Val>#</Val>
</String>
<String>
<Name></Name>
<Val>#</Val>
</String>
<String>
<Name></Name>
<Val>#</Val>
</String>
<String>
<Name></Name>
<Val>#</Val>
</String>
<String>
<Name></Name>
<Val>#</Val>
</String>
<String>
<Name></Name>
<Val>#</Val>
</String>
<String>
<Name></Name>
<Val>#</Val>
</String>
<String>
<Name></Name>
<Val>#</Val>
</String>
<String>
<Name></Name>
<Val>#</Val>
</String>
<String>
<Name></Name>
<Val>#</Val>
</String>
<String>
<Name></Name>
<Val>#</Val>
</String>
<String>
<Name></Name>
<Val>#</Val>
</String>
<String>
<Name></Name>
<Val>#</Val>
</String>
<String>
<Name></Name>
<Val>#</Val>
</String>
<String>
<Name></Name>
<Val>#</Val>
</String>
<String>
<Name></Name>
<Val>#</Val>
</String>
<String>
<Name></Name>
<Val>#</Val>
</String>
<String>
<Name></Name>
<Val>#</Val>
</String>
<String>
<Name></Name>
<Val>#</Val>
</String>
<String>
<Name></Name>
<Val>#</Val>
</String>
<String>
<Name></Name>
<Val>#</Val>
</String>
<String>
<Name></Name>
<Val>#</Val>
</String>
<String>
<Name></Name>
<Val>#</Val>
</String>
<String>
<Name></Name>
<Val>#</Val>
</String>
<String>
<Name></Name>
<Val>#</Val>
</String>
<String>
<Name></Name>
<Val>#</Val>
</String>
<String>
<Name></Name>
<Val>#</Val>
</String>
<String>
<Name></Name>
<Val>#</Val>
</String>
<String>
<Name></Name>
<Val>#</Val>
</String>
<String>
<Name></Name>
<Val>#</Val>
</String>
<String>
<Name></Name>
<Val>#</Val>
</String>
</Array>
</Cluster>
</LVData>